../Drivers/BSP/STM32F769I-Discovery/stm32f769i_discovery_sdram.c:130:9:BSP_SDRAM_Init	8	static
../Drivers/BSP/STM32F769I-Discovery/stm32f769i_discovery_sdram.c:179:9:BSP_SDRAM_DeInit	8	static
../Drivers/BSP/STM32F769I-Discovery/stm32f769i_discovery_sdram.c:205:6:BSP_SDRAM_Initialization_sequence	24	static
../Drivers/BSP/STM32F769I-Discovery/stm32f769i_discovery_sdram.c:267:9:BSP_SDRAM_ReadData	24	static
../Drivers/BSP/STM32F769I-Discovery/stm32f769i_discovery_sdram.c:286:9:BSP_SDRAM_ReadData_DMA	24	static
../Drivers/BSP/STM32F769I-Discovery/stm32f769i_discovery_sdram.c:305:9:BSP_SDRAM_WriteData	24	static
../Drivers/BSP/STM32F769I-Discovery/stm32f769i_discovery_sdram.c:324:9:BSP_SDRAM_WriteData_DMA	24	static
../Drivers/BSP/STM32F769I-Discovery/stm32f769i_discovery_sdram.c:341:9:BSP_SDRAM_Sendcmd	16	static
../Drivers/BSP/STM32F769I-Discovery/stm32f769i_discovery_sdram.c:359:13:BSP_SDRAM_MspInit	72	static
../Drivers/BSP/STM32F769I-Discovery/stm32f769i_discovery_sdram.c:457:13:BSP_SDRAM_MspDeInit	16	static
