../Drivers/BSP/STM32F769I-Discovery/stm32f769i_discovery.c:152:10:BSP_GetVersion	4	static
../Drivers/BSP/STM32F769I-Discovery/stm32f769i_discovery.c:165:6:BSP_LED_Init	40	static
../Drivers/BSP/STM32F769I-Discovery/stm32f769i_discovery.c:190:6:BSP_LED_DeInit	40	static
../Drivers/BSP/STM32F769I-Discovery/stm32f769i_discovery.c:210:6:BSP_LED_On	16	static
../Drivers/BSP/STM32F769I-Discovery/stm32f769i_discovery.c:223:6:BSP_LED_Off	16	static
../Drivers/BSP/STM32F769I-Discovery/stm32f769i_discovery.c:236:6:BSP_LED_Toggle	16	static
../Drivers/BSP/STM32F769I-Discovery/stm32f769i_discovery.c:254:6:BSP_PB_Init	40	static
../Drivers/BSP/STM32F769I-Discovery/stm32f769i_discovery.c:297:6:BSP_PB_DeInit	40	static
../Drivers/BSP/STM32F769I-Discovery/stm32f769i_discovery.c:315:10:BSP_PB_GetState	16	static
../Drivers/BSP/STM32F769I-Discovery/stm32f769i_discovery.c:339:13:I2Cx_MspInit	56	static
../Drivers/BSP/STM32F769I-Discovery/stm32f769i_discovery.c:424:13:I2Cx_Init	16	static
../Drivers/BSP/STM32F769I-Discovery/stm32f769i_discovery.c:462:26:I2Cx_ReadMultiple	48	static
../Drivers/BSP/STM32F769I-Discovery/stm32f769i_discovery.c:488:26:I2Cx_WriteMultiple	48	static
../Drivers/BSP/STM32F769I-Discovery/stm32f769i_discovery.c:511:26:I2Cx_IsDeviceReady	24	static
../Drivers/BSP/STM32F769I-Discovery/stm32f769i_discovery.c:522:13:I2Cx_Error	16	static
../Drivers/BSP/STM32F769I-Discovery/stm32f769i_discovery.c:544:6:AUDIO_IO_Init	8	static
../Drivers/BSP/STM32F769I-Discovery/stm32f769i_discovery.c:552:6:AUDIO_IO_DeInit	4	static
../Drivers/BSP/STM32F769I-Discovery/stm32f769i_discovery.c:564:6:AUDIO_IO_Write	32	static
../Drivers/BSP/STM32F769I-Discovery/stm32f769i_discovery.c:581:10:AUDIO_IO_Read	32	static
../Drivers/BSP/STM32F769I-Discovery/stm32f769i_discovery.c:600:6:AUDIO_IO_Delay	16	static
../Drivers/BSP/STM32F769I-Discovery/stm32f769i_discovery.c:610:6:EEPROM_IO_Init	8	static
../Drivers/BSP/STM32F769I-Discovery/stm32f769i_discovery.c:623:19:EEPROM_IO_WriteData	32	static
../Drivers/BSP/STM32F769I-Discovery/stm32f769i_discovery.c:636:19:EEPROM_IO_ReadData	32	static
../Drivers/BSP/STM32F769I-Discovery/stm32f769i_discovery.c:648:19:EEPROM_IO_IsDeviceReady	16	static
../Drivers/BSP/STM32F769I-Discovery/stm32f769i_discovery.c:659:6:TS_IO_Init	8	static
../Drivers/BSP/STM32F769I-Discovery/stm32f769i_discovery.c:671:6:TS_IO_Write	24	static
../Drivers/BSP/STM32F769I-Discovery/stm32f769i_discovery.c:682:9:TS_IO_Read	32	static
../Drivers/BSP/STM32F769I-Discovery/stm32f769i_discovery.c:700:10:TS_IO_ReadMultiple	24	static
../Drivers/BSP/STM32F769I-Discovery/stm32f769i_discovery.c:714:6:TS_IO_WriteMultiple	24	static
../Drivers/BSP/STM32F769I-Discovery/stm32f769i_discovery.c:724:6:TS_IO_Delay	16	static
../Drivers/BSP/STM32F769I-Discovery/stm32f769i_discovery.c:734:6:OTM8009A_IO_Delay	16	static
../Drivers/BSP/STM32F769I-Discovery/stm32f769i_discovery.c:744:6:NT35510_IO_Delay	16	static
../Drivers/BSP/STM32F769I-Discovery/stm32f769i_discovery.c:754:6:HDMI_IO_Init	8	static
../Drivers/BSP/STM32F769I-Discovery/stm32f769i_discovery.c:766:6:HDMI_IO_Write	24	static
../Drivers/BSP/STM32F769I-Discovery/stm32f769i_discovery.c:778:9:HDMI_IO_Read	32	static
../Drivers/BSP/STM32F769I-Discovery/stm32f769i_discovery.c:792:6:HDMI_IO_Delay	16	static
