../Drivers/BSP/STM32F769I-Discovery/stm32f769i_discovery_audio.c:295:9:BSP_AUDIO_OUT_Init	32	static
../Drivers/BSP/STM32F769I-Discovery/stm32f769i_discovery_audio.c:347:9:BSP_AUDIO_OUT_Play	16	static
../Drivers/BSP/STM32F769I-Discovery/stm32f769i_discovery_audio.c:369:6:BSP_AUDIO_OUT_ChangeBuffer	16	static
../Drivers/BSP/STM32F769I-Discovery/stm32f769i_discovery_audio.c:382:9:BSP_AUDIO_OUT_Pause	8	static
../Drivers/BSP/STM32F769I-Discovery/stm32f769i_discovery_audio.c:406:9:BSP_AUDIO_OUT_Resume	8	static
../Drivers/BSP/STM32F769I-Discovery/stm32f769i_discovery_audio.c:432:9:BSP_AUDIO_OUT_Stop	16	static
../Drivers/BSP/STM32F769I-Discovery/stm32f769i_discovery_audio.c:460:9:BSP_AUDIO_OUT_SetVolume	16	static
../Drivers/BSP/STM32F769I-Discovery/stm32f769i_discovery_audio.c:480:9:BSP_AUDIO_OUT_SetMute	16	static
../Drivers/BSP/STM32F769I-Discovery/stm32f769i_discovery_audio.c:501:9:BSP_AUDIO_OUT_SetOutputMode	16	static
../Drivers/BSP/STM32F769I-Discovery/stm32f769i_discovery_audio.c:522:6:BSP_AUDIO_OUT_SetFrequency	16	static
../Drivers/BSP/STM32F769I-Discovery/stm32f769i_discovery_audio.c:545:6:BSP_AUDIO_OUT_SetAudioFrameSlot	16	static
../Drivers/BSP/STM32F769I-Discovery/stm32f769i_discovery_audio.c:562:6:BSP_AUDIO_OUT_DeInit	8	static
../Drivers/BSP/STM32F769I-Discovery/stm32f769i_discovery_audio.c:574:6:HAL_SAI_TxCpltCallback	16	static
../Drivers/BSP/STM32F769I-Discovery/stm32f769i_discovery_audio.c:586:6:HAL_SAI_TxHalfCpltCallback	16	static
../Drivers/BSP/STM32F769I-Discovery/stm32f769i_discovery_audio.c:598:6:HAL_SAI_ErrorCallback	16	static
../Drivers/BSP/STM32F769I-Discovery/stm32f769i_discovery_audio.c:614:13:BSP_AUDIO_OUT_TransferComplete_CallBack	4	static
../Drivers/BSP/STM32F769I-Discovery/stm32f769i_discovery_audio.c:622:13:BSP_AUDIO_OUT_HalfTransfer_CallBack	4	static
../Drivers/BSP/STM32F769I-Discovery/stm32f769i_discovery_audio.c:630:13:BSP_AUDIO_OUT_Error_CallBack	4	static
../Drivers/BSP/STM32F769I-Discovery/stm32f769i_discovery_audio.c:640:13:BSP_AUDIO_OUT_MspInit	56	static
../Drivers/BSP/STM32F769I-Discovery/stm32f769i_discovery_audio.c:706:13:SAI_AUDIO_IN_MspInit	56	static
../Drivers/BSP/STM32F769I-Discovery/stm32f769i_discovery_audio.c:779:13:SAI_AUDIO_IN_MspDeInit	40	static
../Drivers/BSP/STM32F769I-Discovery/stm32f769i_discovery_audio.c:812:13:BSP_AUDIO_OUT_MspDeInit	40	static
../Drivers/BSP/STM32F769I-Discovery/stm32f769i_discovery_audio.c:851:13:BSP_AUDIO_OUT_ClockConfig	168	static
../Drivers/BSP/STM32F769I-Discovery/stm32f769i_discovery_audio.c:900:13:SAIx_Out_Init	16	static
../Drivers/BSP/STM32F769I-Discovery/stm32f769i_discovery_audio.c:964:13:SAIx_Out_DeInit	8	static
../Drivers/BSP/STM32F769I-Discovery/stm32f769i_discovery_audio.c:982:13:SAIx_In_Init	16	static
../Drivers/BSP/STM32F769I-Discovery/stm32f769i_discovery_audio.c:1095:13:SAIx_In_DeInit	8	static
../Drivers/BSP/STM32F769I-Discovery/stm32f769i_discovery_audio.c:1122:9:BSP_AUDIO_IN_Init	24	static
../Drivers/BSP/STM32F769I-Discovery/stm32f769i_discovery_audio.c:1135:9:BSP_AUDIO_IN_InitEx	40	static
../Drivers/BSP/STM32F769I-Discovery/stm32f769i_discovery_audio.c:1199:9:BSP_AUDIO_IN_AllocScratch	24	static
../Drivers/BSP/STM32F769I-Discovery/stm32f769i_discovery_audio.c:1218:9:BSP_AUDIO_IN_GetChannelNumber	4	static
../Drivers/BSP/STM32F769I-Discovery/stm32f769i_discovery_audio.c:1229:9:BSP_AUDIO_IN_Record	16	static
../Drivers/BSP/STM32F769I-Discovery/stm32f769i_discovery_audio.c:1282:9:BSP_AUDIO_IN_Stop	8	static
../Drivers/BSP/STM32F769I-Discovery/stm32f769i_discovery_audio.c:1343:9:BSP_AUDIO_IN_Pause	8	static
../Drivers/BSP/STM32F769I-Discovery/stm32f769i_discovery_audio.c:1379:9:BSP_AUDIO_IN_Resume	8	static
../Drivers/BSP/STM32F769I-Discovery/stm32f769i_discovery_audio.c:1415:6:BSP_AUDIO_IN_DeInit	8	static
../Drivers/BSP/STM32F769I-Discovery/stm32f769i_discovery_audio.c:1436:6:HAL_DFSDM_FilterRegConvCpltCallback	24	static
../Drivers/BSP/STM32F769I-Discovery/stm32f769i_discovery_audio.c:1512:6:HAL_DFSDM_FilterRegConvHalfCpltCallback	24	static
../Drivers/BSP/STM32F769I-Discovery/stm32f769i_discovery_audio.c:1588:6:HAL_SAI_RxHalfCpltCallback	16	static
../Drivers/BSP/STM32F769I-Discovery/stm32f769i_discovery_audio.c:1600:6:HAL_SAI_RxCpltCallback	16	static
../Drivers/BSP/STM32F769I-Discovery/stm32f769i_discovery_audio.c:1611:13:BSP_AUDIO_IN_TransferComplete_CallBack	4	static
../Drivers/BSP/STM32F769I-Discovery/stm32f769i_discovery_audio.c:1622:13:BSP_AUDIO_IN_HalfTransfer_CallBack	4	static
../Drivers/BSP/STM32F769I-Discovery/stm32f769i_discovery_audio.c:1633:13:BSP_AUDIO_IN_Error_CallBack	4	static
../Drivers/BSP/STM32F769I-Discovery/stm32f769i_discovery_audio.c:1643:13:BSP_AUDIO_IN_MspInit	8	static
../Drivers/BSP/STM32F769I-Discovery/stm32f769i_discovery_audio.c:1662:13:BSP_AUDIO_IN_MspDeInit	8	static
../Drivers/BSP/STM32F769I-Discovery/stm32f769i_discovery_audio.c:1686:13:BSP_AUDIO_IN_ClockConfig	168	static
../Drivers/BSP/STM32F769I-Discovery/stm32f769i_discovery_audio.c:1739:16:DFSDMx_Init	16	static
../Drivers/BSP/STM32F769I-Discovery/stm32f769i_discovery_audio.c:1949:16:DFSDMx_DeInit	8	static
../Drivers/BSP/STM32F769I-Discovery/stm32f769i_discovery_audio.c:2005:13:DFSDMx_ChannelMspInit	40	static
../Drivers/BSP/STM32F769I-Discovery/stm32f769i_discovery_audio.c:2042:13:DFSDMx_ChannelMspDeInit	32	static
../Drivers/BSP/STM32F769I-Discovery/stm32f769i_discovery_audio.c:2066:13:DFSDMx_FilterMspInit	16	static
../Drivers/BSP/STM32F769I-Discovery/stm32f769i_discovery_audio.c:2180:13:DFSDMx_FilterMspDeInit	8	static
