../Drivers/BSP/STM32F769I-Discovery/stm32f769i_discovery_lcd.c:257:9:BSP_LCD_Init	8	static
../Drivers/BSP/STM32F769I-Discovery/stm32f769i_discovery_lcd.c:272:9:BSP_LCD_InitEx	72	static
../Drivers/BSP/STM32F769I-Discovery/stm32f769i_discovery_lcd.c:687:6:BSP_LCD_Reset	32	static
../Drivers/BSP/STM32F769I-Discovery/stm32f769i_discovery_lcd.c:717:10:BSP_LCD_GetXSize	4	static
../Drivers/BSP/STM32F769I-Discovery/stm32f769i_discovery_lcd.c:726:10:BSP_LCD_GetYSize	4	static
../Drivers/BSP/STM32F769I-Discovery/stm32f769i_discovery_lcd.c:736:6:BSP_LCD_SetXSize	16	static
../Drivers/BSP/STM32F769I-Discovery/stm32f769i_discovery_lcd.c:745:6:BSP_LCD_SetYSize	16	static
../Drivers/BSP/STM32F769I-Discovery/stm32f769i_discovery_lcd.c:757:6:BSP_LCD_LayerDefaultInit	72	static
../Drivers/BSP/STM32F769I-Discovery/stm32f769i_discovery_lcd.c:790:6:BSP_LCD_SelectLayer	16	static
../Drivers/BSP/STM32F769I-Discovery/stm32f769i_discovery_lcd.c:803:6:BSP_LCD_SetLayerVisible	16	static
../Drivers/BSP/STM32F769I-Discovery/stm32f769i_discovery_lcd.c:823:6:BSP_LCD_SetTransparency	16	static
../Drivers/BSP/STM32F769I-Discovery/stm32f769i_discovery_lcd.c:835:6:BSP_LCD_SetLayerAddress	16	static
../Drivers/BSP/STM32F769I-Discovery/stm32f769i_discovery_lcd.c:850:6:BSP_LCD_SetLayerWindow	24	static
../Drivers/BSP/STM32F769I-Discovery/stm32f769i_discovery_lcd.c:865:6:BSP_LCD_SetColorKeying	16	static
../Drivers/BSP/STM32F769I-Discovery/stm32f769i_discovery_lcd.c:876:6:BSP_LCD_ResetColorKeying	16	static
../Drivers/BSP/STM32F769I-Discovery/stm32f769i_discovery_lcd.c:886:6:BSP_LCD_SetTextColor	16	static
../Drivers/BSP/STM32F769I-Discovery/stm32f769i_discovery_lcd.c:895:10:BSP_LCD_GetTextColor	4	static
../Drivers/BSP/STM32F769I-Discovery/stm32f769i_discovery_lcd.c:904:6:BSP_LCD_SetBackColor	16	static
../Drivers/BSP/STM32F769I-Discovery/stm32f769i_discovery_lcd.c:913:10:BSP_LCD_GetBackColor	4	static
../Drivers/BSP/STM32F769I-Discovery/stm32f769i_discovery_lcd.c:922:6:BSP_LCD_SetFont	16	static
../Drivers/BSP/STM32F769I-Discovery/stm32f769i_discovery_lcd.c:931:8:BSP_LCD_GetFont	4	static
../Drivers/BSP/STM32F769I-Discovery/stm32f769i_discovery_lcd.c:942:10:BSP_LCD_ReadPixel	32	static
../Drivers/BSP/STM32F769I-Discovery/stm32f769i_discovery_lcd.c:976:6:BSP_LCD_Clear	40	static
../Drivers/BSP/STM32F769I-Discovery/stm32f769i_discovery_lcd.c:986:6:BSP_LCD_ClearStringLine	32	static
../Drivers/BSP/STM32F769I-Discovery/stm32f769i_discovery_lcd.c:1005:6:BSP_LCD_DisplayChar	24	static
../Drivers/BSP/STM32F769I-Discovery/stm32f769i_discovery_lcd.c:1022:6:BSP_LCD_DisplayStringAt	48	static
../Drivers/BSP/STM32F769I-Discovery/stm32f769i_discovery_lcd.c:1084:6:BSP_LCD_DisplayStringAtLine	16	static
../Drivers/BSP/STM32F769I-Discovery/stm32f769i_discovery_lcd.c:1095:6:BSP_LCD_DrawHLine	40	static
../Drivers/BSP/STM32F769I-Discovery/stm32f769i_discovery_lcd.c:1112:6:BSP_LCD_DrawVLine	48	static
../Drivers/BSP/STM32F769I-Discovery/stm32f769i_discovery_lcd.c:1130:6:BSP_LCD_DrawLine	56	static
../Drivers/BSP/STM32F769I-Discovery/stm32f769i_discovery_lcd.c:1204:6:BSP_LCD_DrawRect	24	static
../Drivers/BSP/STM32F769I-Discovery/stm32f769i_discovery_lcd.c:1221:6:BSP_LCD_DrawCircle	40	static
../Drivers/BSP/STM32F769I-Discovery/stm32f769i_discovery_lcd.c:1267:6:BSP_LCD_DrawPolygon	32	static
../Drivers/BSP/STM32F769I-Discovery/stm32f769i_discovery_lcd.c:1294:6:BSP_LCD_DrawEllipse	64	static
../Drivers/BSP/STM32F769I-Discovery/stm32f769i_discovery_lcd.c:1326:6:BSP_LCD_DrawBitmap	56	static
../Drivers/BSP/STM32F769I-Discovery/stm32f769i_discovery_lcd.c:1383:6:BSP_LCD_FillRect	48	static
../Drivers/BSP/STM32F769I-Discovery/stm32f769i_discovery_lcd.c:1403:6:BSP_LCD_FillCircle	32	static
../Drivers/BSP/STM32F769I-Discovery/stm32f769i_discovery_lcd.c:1450:6:BSP_LCD_FillPolygon	64	static
../Drivers/BSP/STM32F769I-Discovery/stm32f769i_discovery_lcd.c:1517:6:BSP_LCD_FillEllipse	56	static
../Drivers/BSP/STM32F769I-Discovery/stm32f769i_discovery_lcd.c:1547:6:BSP_LCD_DisplayOn	16	static
../Drivers/BSP/STM32F769I-Discovery/stm32f769i_discovery_lcd.c:1570:6:BSP_LCD_DisplayOff	16	static
../Drivers/BSP/STM32F769I-Discovery/stm32f769i_discovery_lcd.c:1593:6:BSP_LCD_SetBrightness	24	static
../Drivers/BSP/STM32F769I-Discovery/stm32f769i_discovery_lcd.c:1618:6:DSI_IO_WriteCmd	24	static
../Drivers/BSP/STM32F769I-Discovery/stm32f769i_discovery_lcd.c:1635:17:LCD_IO_GetID	4	static
../Drivers/BSP/STM32F769I-Discovery/stm32f769i_discovery_lcd.c:1667:13:BSP_LCD_MspDeInit	8	static
../Drivers/BSP/STM32F769I-Discovery/stm32f769i_discovery_lcd.c:1693:13:BSP_LCD_MspInit	24	static
../Drivers/BSP/STM32F769I-Discovery/stm32f769i_discovery_lcd.c:1735:6:BSP_LCD_DrawPixel	24	static
../Drivers/BSP/STM32F769I-Discovery/stm32f769i_discovery_lcd.c:1748:13:DrawChar	40	static
../Drivers/BSP/STM32F769I-Discovery/stm32f769i_discovery_lcd.c:1806:13:FillTriangle	56	static
../Drivers/BSP/STM32F769I-Discovery/stm32f769i_discovery_lcd.c:1883:13:LL_FillBuffer	32	static
../Drivers/BSP/STM32F769I-Discovery/stm32f769i_discovery_lcd.c:1913:13:LL_ConvertLineToARGB8888	32	static
