../Drivers/CMSIS/Include/core_cm7.h:2229:22:SCB_EnableICache	4	static,ignoring_inline_asm
../Drivers/CMSIS/Include/core_cm7.h:2281:22:SCB_EnableDCache	24	static,ignoring_inline_asm
../Core/Src/main.c:153:6:OnError_Handler	16	static
../Core/Src/main.c:163:9:CheckForUserInput	8	static
../Core/Src/main.c:185:5:main	24	static
../Core/Src/main.c:352:6:SystemClock_Config	88	static
../Core/Src/main.c:405:6:PeriphCommonClock_Config	152	static
../Core/Src/main.c:436:6:__io_putchar	16	static
../Core/Src/main.c:461:11:HAL_DSI_EndOfRefreshCallback	16	static
../Core/Src/main.c:482:11:HAL_LTDC_ReloadEventCallback	16	static
../Core/Src/main.c:489:11:DMA2_Stream4_IRQHandler	8	static
../Core/Src/main.c:494:11:DMA2_Stream1_IRQHandler	8	static
../Core/Src/main.c:503:11:get_max_val	40	static
../Core/Src/main.c:530:11:BSP_AUDIO_IN_Error_CallBack	8	static
../Core/Src/main.c:559:11:SAIx_In_Init	16	static
../Core/Src/main.c:653:11:SAIx_In_DeInit	8	static
../Core/Src/main.c:671:11:SAI_AUDIO_IN_MspInit	56	static
../Core/Src/main.c:740:14:BSP_AUDIO_IN_OUT_Init	32	static
../Core/Src/main.c:786:15:_BSP_AUDIO_OUT_Play	16	static
../Core/Src/main.c:808:12:AUDIO_SETUP	16	static
../Core/Src/main.c:879:6:HAL_TIM_PeriodElapsedCallback	16	static
../Core/Src/main.c:896:6:Error_Handler	8	static,ignoring_inline_asm
